controller.c:11:6:traffic_light	16	static
controller.c:60:5:update_status	16	static
controller.c:71:6:clear_all_led	8	static
controller.c:81:6:set_manual	16	static
controller.c:102:6:red1_on	8	static
controller.c:105:6:red2_on	8	static
controller.c:108:6:green1_on	8	static
controller.c:111:6:green2_on	8	static
controller.c:114:6:ped1_on	8	static
controller.c:117:6:ped2_on	8	static
controller.c:121:6:red1_off	8	static
controller.c:124:6:red2_off	8	static
controller.c:127:6:green1_off	8	static
controller.c:130:6:green2_off	8	static
controller.c:133:6:ped1_off	8	static
controller.c:136:6:ped2_off	8	static
