controller.c:11:6:traffic_light	16	static
controller.c:73:6:clear_all_led	8	static
controller.c:84:6:set_manual	16	static
controller.c:109:6:set_tuning	16	static
controller.c:131:6:red1_on	8	static
controller.c:134:6:red2_on	8	static
controller.c:137:6:green1_on	8	static
controller.c:140:6:green2_on	8	static
controller.c:143:6:ped1_on	8	static
controller.c:146:6:ped2_on	8	static
controller.c:149:6:buzzer_on	4	static
controller.c:152:6:buzzeroff	4	static
controller.c:156:6:red1_off	8	static
controller.c:159:6:red2_off	8	static
controller.c:162:6:green1_off	8	static
controller.c:165:6:green2_off	8	static
controller.c:168:6:ped1_off	8	static
controller.c:171:6:ped2_off	8	static
controller.c:174:6:buzzer_off	8	static
