led_controller.c:11:6:traffic_light	16	static
led_controller.c:60:5:update_status	16	static
led_controller.c:71:6:clear_all_led	8	static
led_controller.c:81:6:set_manual	16	static
led_controller.c:102:6:update_led_status	4	static
led_controller.c:127:6:red1_on	8	static
led_controller.c:130:6:red2_on	8	static
led_controller.c:133:6:green1_on	8	static
led_controller.c:136:6:green2_on	8	static
led_controller.c:139:6:ped1_on	8	static
led_controller.c:142:6:ped2_on	8	static
led_controller.c:146:6:red1_off	8	static
led_controller.c:149:6:red2_off	8	static
led_controller.c:152:6:green1_off	8	static
led_controller.c:155:6:green2_off	8	static
led_controller.c:158:6:ped1_off	8	static
led_controller.c:161:6:ped2_off	8	static
