07:41:01 **** Incremental Build of configuration Debug for project ex3_4_5 ****
make -j12 all 
arm-none-eabi-gcc "../Core/Src/main.c" -mcpu=cortex-m3 -std=gnu11 -g3 -DDEBUG -DUSE_HAL_DRIVER -DSTM32F103x6 -c -I../Core/Inc -I../Drivers/STM32F1xx_HAL_Driver/Inc -I../Drivers/STM32F1xx_HAL_Driver/Inc/Legacy -I../Drivers/CMSIS/Device/ST/STM32F1xx/Include -I../Drivers/CMSIS/Include -O0 -ffunction-sections -fdata-sections -Wall -fstack-usage -MMD -MP -MF"Core/Src/main.d" -MT"Core/Src/main.o" --specs=nano.specs -mfloat-abi=soft -mthumb -o "Core/Src/main.o"
arm-none-eabi-gcc -o "ex3_4_5.elf" @"objects.list"   -mcpu=cortex-m3 -T"D:\Ron\tools\STM32 workspace\ex3_4_5\STM32F103C6UX_FLASH.ld" --specs=nosys.specs -Wl,-Map="ex3_4_5.map" -Wl,--gc-sections -static --specs=nano.specs -mfloat-abi=soft -mthumb -Wl,--start-group -lc -lm -Wl,--end-group
Finished building target: ex3_4_5.elf
 
arm-none-eabi-size   ex3_4_5.elf 
arm-none-eabi-objdump -h -S  ex3_4_5.elf  > "ex3_4_5.list"
arm-none-eabi-objcopy  -O ihex  ex3_4_5.elf  "ex3_4_5.hex"
arm-none-eabi-objcopy  -O binary  ex3_4_5.elf  "ex3_4_5.bin"
   text	   data	    bss	    dec	    hex	filename
   5912	     20	   1572	   7504	   1d50	ex3_4_5.elf
Finished building: default.size.stdout
 
Finished building: ex3_4_5.hex
Finished building: ex3_4_5.list
Finished building: ex3_4_5.bin
 
 
 

07:41:02 Build Finished. 0 errors, 0 warnings. (took 968ms)

